🛑 Stopping only therapist directory containers...
stat /home/nath/docker-compose.therapist.yml: no such file or directory
🧹 Pruning only unused Docker data (will not touch Nath's volumes or containers)...
Deleted Volumes:
9297d8ad51b9263bf5047bd225202aaae39821abcc07f0afb85735351365ed4f

Error response from daemon: a prune operation is already running
🚧 Rebuilding therapist containers with no cache...
stat /home/nath/docker-compose.therapist.yml: no such file or directory
🚀 Starting therapist directory stack...
stat /home/nath/docker-compose.therapist.yml: no such file or directory
🛑 Stopping only therapist directory containers...
stat /home/nath/docker-compose.therapist.yml: no such file or directory
🧹 Pruning only unused Docker data (will not touch Nath's volumes or containers)...
Deleted Volumes:
2e52a48dcdd315414c33dc47c14d36c28d0902d5640403857780bba711d83249

Deleted Images:
untagged: postgres:15
untagged: postgres@sha256:9e9298817d19f4bd60c5028a25762b394db37dda173dd3d035a1bc155542051a
deleted: sha256:757f4f0ef6e0a311e2feeef82cdc3930349ef0667fa20d0b7e139bb69b7c8f69
deleted: sha256:8db33698305f3cff0c1eadfd0633d33712cf21d15f7a3fdb43846dffc8470e10
deleted: sha256:584b89ebc057b96d6a27c72641304790da89a4621e0b4099d8cd535bbb624bee
deleted: sha256:a2a1b8f0f37d9cb19c20fa64e8e361869171494c454b049ec4ff8c3a4c7cd267
deleted: sha256:56b8b80193d3e82a0f502198c7a66c9292544c52269b0885526eb931d5aef938
deleted: sha256:ed7155347d480d3f06d0a5a815d05795d48eb621353d3318473df45d9e8deb87
deleted: sha256:c628b2b402dcd622f2fc1e8729915c6b22a7689fa4a065149319aea9de1039be
deleted: sha256:5491592bf300a25ac21da1603d3bc2b23739361ecbfe1c8fdeb09eab6fe8cf89
deleted: sha256:13164a937b4b56c2c7fcd7061f80d84f22458ad1bfe15525f734effafd7fde15
deleted: sha256:7d3b05cff44544eb74b60e1629eeae9d9df165ec84313bdff665969f01855af2
deleted: sha256:d553f0148a73688b2898274b6c3ea077faa224db0965bacc3d9049b83f71d4fb
deleted: sha256:a4ba3c06bd640c24209e3ed2409b92312ae3b2bd6864ae908312a46cff82f020
deleted: sha256:d4b1d5bbc9f096d4c7788a2a9f1a0f6dbebecc6c3bf3f4186bedc0b08276bd6c
deleted: sha256:d08696b13ef641c964d5e02f38b253063e1b37671ae57e5c6c6f3ee945c7fef6
deleted: sha256:1287fbecdfcce6ee8cf2436e5b9e9d86a4648db2d91080377d499737f1b307f3
untagged: therapist-directory-frontend:latest
deleted: sha256:cfc682f4d8430cc15158baaab1acbc00031f38dc5c3b50d7e3a01588b8338e94
untagged: dpage/pgadmin4:latest
untagged: dpage/pgadmin4@sha256:52cb72a9e3da275324ca0b9bb3891021366d501aad375db34584a7bca8ce02ff
deleted: sha256:46af92358e2e104a18e6b68eb3d3941a1aeef71028427e5f14698f7ef6db2621
deleted: sha256:f53b5a6ae8a7388cee6f37b96201d1c3a6d226dd24ca5231bb18952f0143818f
deleted: sha256:5edcde52053a1169fff6ee3800c59f2c870d76cf93eee2a8917403b18cb447ae
deleted: sha256:95dcfcd4a9ec29bc2948eb16443519d5803405d2f352fd5205dc0b3d761bd501
deleted: sha256:54558ee1227b8a5ed7702f52112623437180da7be4eb4ba5672f5159f79ecd1d
deleted: sha256:42defe773e3fac5a66ab3f69722493afaef7d067ef905cfb66a1eba938e0d2b0
deleted: sha256:6208e07918e7cb717e12ed6d1f19b4f2b09221cca839bca7e068461f0a4468b0
deleted: sha256:200cf52dbf404ed4db78371344d334b52edd2cd77a16eb59c78d31b9a97fdb48
deleted: sha256:21a47c23caa8480f283bd20199a288b591c4166d21e98d7353f096da2c491658
deleted: sha256:7042c485a19bbda05e6010294c9c8b6ba86776790ce7c1666e1494cb45b421f8
deleted: sha256:2db8745db93960959dff8e531c1ec05a5d02f9a21b9cd26c688a8042b964eaa0
deleted: sha256:b8448c7c1cb67c5599454f36b33849af2e745f31735868b59b8cd849870c5c3c
deleted: sha256:c297d194309e855ba8a46b0b3f6bd1ab9fbf7d68e35abd7550550adf6c42ffca
deleted: sha256:72356093c5935d16ab8bcf0b1932c5a7a083290e1de7b0440061f9f55c8a92a8
deleted: sha256:d3ab3325c906a493111a6b43a1de43306096b6e496e1774d24d319c6241e6e52
deleted: sha256:58871544f7847d1c491d3ffe28e0580c1baee86e8168c6289c87caa45342ae7e
deleted: sha256:08000c18d16dadf9553d747a58cf44023423a9ab010aab96cf263d2216b8b350
untagged: therapist-directory-backend:latest
deleted: sha256:5628c1c961692f268f1f24091385283a7dfc93b20472ddfd896ea52c83ccd1d8

Deleted build cache objects:
ny5lc7g7sdt23gto8ndzjf6s6
xel2i5icofg04xc91porfa9ei
exo98u8ma6ybz3odtkyn93fw7
0yc8k9iddf4tw5a0w7y10l7mz
jyx9r3pwzt6p7bnxi59a78duz
3k6lds9j6i8pmflpouxesxw92
kjn3g6leugz74c5eqxezfhofg
pzz1c79ke4ttysvxdrwc07qxq
33oid87pqilh688kc4s7blgp7
qa8jgv0y6qt2rsdclxab99ng8
fj3zrdi0ve6exb62e1roarl4t
rjf95yxiua52a5biyskonoo22
r7v2m1rnovhey2qc7ps13akzc
ptc09u0rm30wmqsoucexlxslq
qma0n2isqghwn4kdyfnanfu2y
gxzf15hg14oz5k1qyhrif6moy
wvwd3g8i9vydt8dad6nfbaj78
3pgxyy0r5nuiuhr561awhynq7
mpse9oihvcdachfzvadkrx5w9
noesrgbivgz8p1bktqvvufe5g
vislkud1tyma6lm5ntpn3ofc2
jvmvrhzka56laqlnhjmyzx7hc
y4bshshx3q6656gyctzscoed6
pseum7q07vc20b46h14keldv6
r56m89p9uoddm0vh8i9p6v92c
v29c0plgv16hqez0tixw3ym4b
jze9acm0mabdpkybpv8zz0xty

Total reclaimed space: 2.235GB
🚧 Rebuilding therapist containers with no cache...
stat /home/nath/docker-compose.therapist.yml: no such file or directory
🚀 Starting therapist directory stack...
stat /home/nath/docker-compose.therapist.yml: no such file or directory
🛑 Stopping only therapist directory containers...
stat /home/nath/docker-compose.therapist.yml: no such file or directory
🧹 Pruning only unused Docker data (will not touch Nath's volumes or containers)...
Deleted Volumes:
03e26b63f182362838184ca44a1b482c7cc987ede0cf4a2cd0aa91b3da95cad9

Deleted Images:
untagged: dpage/pgadmin4:latest
untagged: dpage/pgadmin4@sha256:52cb72a9e3da275324ca0b9bb3891021366d501aad375db34584a7bca8ce02ff
deleted: sha256:46af92358e2e104a18e6b68eb3d3941a1aeef71028427e5f14698f7ef6db2621
deleted: sha256:f53b5a6ae8a7388cee6f37b96201d1c3a6d226dd24ca5231bb18952f0143818f
deleted: sha256:5edcde52053a1169fff6ee3800c59f2c870d76cf93eee2a8917403b18cb447ae
deleted: sha256:95dcfcd4a9ec29bc2948eb16443519d5803405d2f352fd5205dc0b3d761bd501
deleted: sha256:54558ee1227b8a5ed7702f52112623437180da7be4eb4ba5672f5159f79ecd1d
deleted: sha256:42defe773e3fac5a66ab3f69722493afaef7d067ef905cfb66a1eba938e0d2b0
deleted: sha256:6208e07918e7cb717e12ed6d1f19b4f2b09221cca839bca7e068461f0a4468b0
deleted: sha256:200cf52dbf404ed4db78371344d334b52edd2cd77a16eb59c78d31b9a97fdb48
deleted: sha256:21a47c23caa8480f283bd20199a288b591c4166d21e98d7353f096da2c491658
deleted: sha256:7042c485a19bbda05e6010294c9c8b6ba86776790ce7c1666e1494cb45b421f8
deleted: sha256:2db8745db93960959dff8e531c1ec05a5d02f9a21b9cd26c688a8042b964eaa0
deleted: sha256:b8448c7c1cb67c5599454f36b33849af2e745f31735868b59b8cd849870c5c3c
deleted: sha256:c297d194309e855ba8a46b0b3f6bd1ab9fbf7d68e35abd7550550adf6c42ffca
deleted: sha256:72356093c5935d16ab8bcf0b1932c5a7a083290e1de7b0440061f9f55c8a92a8
deleted: sha256:d3ab3325c906a493111a6b43a1de43306096b6e496e1774d24d319c6241e6e52
deleted: sha256:58871544f7847d1c491d3ffe28e0580c1baee86e8168c6289c87caa45342ae7e
deleted: sha256:08000c18d16dadf9553d747a58cf44023423a9ab010aab96cf263d2216b8b350
untagged: therapist-directory-frontend:latest
deleted: sha256:6a25ced1d82082e4da1b3d186d5e456a4f755b456aa2af95c781f64ad325f7c0
untagged: postgres:15
untagged: postgres@sha256:9e9298817d19f4bd60c5028a25762b394db37dda173dd3d035a1bc155542051a
deleted: sha256:757f4f0ef6e0a311e2feeef82cdc3930349ef0667fa20d0b7e139bb69b7c8f69
deleted: sha256:8db33698305f3cff0c1eadfd0633d33712cf21d15f7a3fdb43846dffc8470e10
deleted: sha256:584b89ebc057b96d6a27c72641304790da89a4621e0b4099d8cd535bbb624bee
deleted: sha256:a2a1b8f0f37d9cb19c20fa64e8e361869171494c454b049ec4ff8c3a4c7cd267
deleted: sha256:56b8b80193d3e82a0f502198c7a66c9292544c52269b0885526eb931d5aef938
deleted: sha256:ed7155347d480d3f06d0a5a815d05795d48eb621353d3318473df45d9e8deb87
deleted: sha256:c628b2b402dcd622f2fc1e8729915c6b22a7689fa4a065149319aea9de1039be
deleted: sha256:5491592bf300a25ac21da1603d3bc2b23739361ecbfe1c8fdeb09eab6fe8cf89
deleted: sha256:13164a937b4b56c2c7fcd7061f80d84f22458ad1bfe15525f734effafd7fde15
deleted: sha256:7d3b05cff44544eb74b60e1629eeae9d9df165ec84313bdff665969f01855af2
deleted: sha256:d553f0148a73688b2898274b6c3ea077faa224db0965bacc3d9049b83f71d4fb
deleted: sha256:a4ba3c06bd640c24209e3ed2409b92312ae3b2bd6864ae908312a46cff82f020
deleted: sha256:d4b1d5bbc9f096d4c7788a2a9f1a0f6dbebecc6c3bf3f4186bedc0b08276bd6c
deleted: sha256:d08696b13ef641c964d5e02f38b253063e1b37671ae57e5c6c6f3ee945c7fef6
deleted: sha256:1287fbecdfcce6ee8cf2436e5b9e9d86a4648db2d91080377d499737f1b307f3
untagged: therapist-directory-backend:latest
deleted: sha256:a38d284bb8025dcd7ecd2e96609f8c2035c0c94d7ff6c238a87f0fee959e6d70

Deleted build cache objects:
0176kzoq31ogiiajxyurjh3yr
131cxh8g0va267i9018tnfbz9
oa9e9pilb11tmgfsjt569z2zq
q5afbxyk8wg4mhpz15h7rujsf
r36bg6kzb02szyjrtw5nedn24
zd31udldsfjfzgvt3din88xec
slar8xunzs3byx0j5k5ofhve1
q188zkgao5s7gcshlor7rhk8c
pmizubf51ql97l2y8juniiy1b
x1ufg9347legd1x6peaawyqfb
r9wvox5xxqnos4zvnaitcu1sz
56pq4mym5u4ahr1bavfpwpzqy
jryb2ihtnsmmm9zmxoqtbi4tz
tdyfegzlgunfbzg58cl2xdk46
30hj5tl2seailr8fbsgwrtphh
ffupyubm5b1ex1cu817s5p11k
n8q9ej4fak4cf8gie514arz0x
mlyqmv1tyamv8pg57ihe3lh0g
p5c7i3b43ucnq07wg45p3xy8r
bpdit9gcj80dyriqpsj0lofe9
y13huouxni5ywa3t4nneovoym
v0td33ao40ncj1tqmg6vvky4o
ruwlqenzfz1k842ar2j4m6ey1
a1765m58elavvibzwj3ed82ze
u3e1vkvzkxkckhjrwo18hebra
phn77f350ep4at47th3vfiprv
1kqquv0jcxubftg2qk569ktk5

Total reclaimed space: 2.236GB
🚧 Rebuilding therapist containers with no cache...
stat /home/nath/docker-compose.therapist.yml: no such file or directory
🚀 Starting therapist directory stack...
stat /home/nath/docker-compose.therapist.yml: no such file or directory
🛑 Stopping only therapist directory containers...
stat /home/nath/docker-compose.therapist.yml: no such file or directory
🧹 Pruning only unused Docker data (will not touch Nath's volumes or containers)...
Deleted Volumes:
3d7115da88664607f803fd27a5f923efa8dade82975a06b49362cc7ba5ce1a04

Deleted Images:
untagged: therapist-directory-backend:latest
deleted: sha256:a0c5c5be18fa02c379bd36ceb8c7cad6262cd26b981ad7a1659575c7e36d23c9
untagged: therapist-directory-frontend:latest
deleted: sha256:16580f44aa5933cb26f41853cc2729cb530f5444cb225c53aa11ee44070e9929
untagged: dpage/pgadmin4:latest
untagged: dpage/pgadmin4@sha256:52cb72a9e3da275324ca0b9bb3891021366d501aad375db34584a7bca8ce02ff
deleted: sha256:46af92358e2e104a18e6b68eb3d3941a1aeef71028427e5f14698f7ef6db2621
deleted: sha256:f53b5a6ae8a7388cee6f37b96201d1c3a6d226dd24ca5231bb18952f0143818f
deleted: sha256:5edcde52053a1169fff6ee3800c59f2c870d76cf93eee2a8917403b18cb447ae
deleted: sha256:95dcfcd4a9ec29bc2948eb16443519d5803405d2f352fd5205dc0b3d761bd501
deleted: sha256:54558ee1227b8a5ed7702f52112623437180da7be4eb4ba5672f5159f79ecd1d
deleted: sha256:42defe773e3fac5a66ab3f69722493afaef7d067ef905cfb66a1eba938e0d2b0
deleted: sha256:6208e07918e7cb717e12ed6d1f19b4f2b09221cca839bca7e068461f0a4468b0
deleted: sha256:200cf52dbf404ed4db78371344d334b52edd2cd77a16eb59c78d31b9a97fdb48
deleted: sha256:21a47c23caa8480f283bd20199a288b591c4166d21e98d7353f096da2c491658
deleted: sha256:7042c485a19bbda05e6010294c9c8b6ba86776790ce7c1666e1494cb45b421f8
deleted: sha256:2db8745db93960959dff8e531c1ec05a5d02f9a21b9cd26c688a8042b964eaa0
deleted: sha256:b8448c7c1cb67c5599454f36b33849af2e745f31735868b59b8cd849870c5c3c
deleted: sha256:c297d194309e855ba8a46b0b3f6bd1ab9fbf7d68e35abd7550550adf6c42ffca
deleted: sha256:72356093c5935d16ab8bcf0b1932c5a7a083290e1de7b0440061f9f55c8a92a8
deleted: sha256:d3ab3325c906a493111a6b43a1de43306096b6e496e1774d24d319c6241e6e52
deleted: sha256:58871544f7847d1c491d3ffe28e0580c1baee86e8168c6289c87caa45342ae7e
deleted: sha256:08000c18d16dadf9553d747a58cf44023423a9ab010aab96cf263d2216b8b350
untagged: postgres:15
untagged: postgres@sha256:9e9298817d19f4bd60c5028a25762b394db37dda173dd3d035a1bc155542051a
deleted: sha256:757f4f0ef6e0a311e2feeef82cdc3930349ef0667fa20d0b7e139bb69b7c8f69
deleted: sha256:8db33698305f3cff0c1eadfd0633d33712cf21d15f7a3fdb43846dffc8470e10
deleted: sha256:584b89ebc057b96d6a27c72641304790da89a4621e0b4099d8cd535bbb624bee
deleted: sha256:a2a1b8f0f37d9cb19c20fa64e8e361869171494c454b049ec4ff8c3a4c7cd267
deleted: sha256:56b8b80193d3e82a0f502198c7a66c9292544c52269b0885526eb931d5aef938
deleted: sha256:ed7155347d480d3f06d0a5a815d05795d48eb621353d3318473df45d9e8deb87
deleted: sha256:c628b2b402dcd622f2fc1e8729915c6b22a7689fa4a065149319aea9de1039be
deleted: sha256:5491592bf300a25ac21da1603d3bc2b23739361ecbfe1c8fdeb09eab6fe8cf89
deleted: sha256:13164a937b4b56c2c7fcd7061f80d84f22458ad1bfe15525f734effafd7fde15
deleted: sha256:7d3b05cff44544eb74b60e1629eeae9d9df165ec84313bdff665969f01855af2
deleted: sha256:d553f0148a73688b2898274b6c3ea077faa224db0965bacc3d9049b83f71d4fb
deleted: sha256:a4ba3c06bd640c24209e3ed2409b92312ae3b2bd6864ae908312a46cff82f020
deleted: sha256:d4b1d5bbc9f096d4c7788a2a9f1a0f6dbebecc6c3bf3f4186bedc0b08276bd6c
deleted: sha256:d08696b13ef641c964d5e02f38b253063e1b37671ae57e5c6c6f3ee945c7fef6
deleted: sha256:1287fbecdfcce6ee8cf2436e5b9e9d86a4648db2d91080377d499737f1b307f3

Deleted build cache objects:
6xajsozdrplg3sk7cvx9pujxc
4zq5nof71rnnhz8zp45j51mo2
1uf28p9koqlfkqjspk1klp3vn
j7eo1y9841ja4jqiy8i46lpvj
ax0sbzmv6denuu10ny6qtwrp8
35oubhf605br6tuoxybd2yj2s
8ruopqb0nelv33bttxqz93ey9
z1aymurlaelo0tji3gdk33coj
s2cocc9jxt04saybnateim721
c95nigj6mbn1eyosvehryen2u
jy4jrjucmoy0vwdm1vmdq74jn
qmu06nr7sg030d3hac4q34q5a
norz4vxqtx9owhankisoy4td8
uvy0idttmfjbnqimiqbwovtoe
n5a6868d1ssummtqsj087n5yf
q0xv90rzj59ry0hjzmpb3862g
fxbazejchawq0iz3oqg3lwkbl
osw9zlh3uzvnsowmdwlkbx3ol
ydmp7287vj1ztqhpd2czde114
nky13f9hbagz2r3axmcqfzlbt
2pccapgmekd56dfzorzdkvr0n
8yermaw5d92lie0vuf1417v0g
ass0xsh90ul57rd4dgtoeojbg
9eo3jox7fnhpmtbpfzprrbjr6
6rry8y3m34kg2ouvxh1nm57ny
aqnzqnqr71nemn7oj3h17dp7c
jnzixemedjhbox1td74jndqrj

Total reclaimed space: 2.236GB
🚧 Rebuilding therapist containers with no cache...
stat /home/nath/docker-compose.therapist.yml: no such file or directory
🚀 Starting therapist directory stack...
stat /home/nath/docker-compose.therapist.yml: no such file or directory
🛑 Stopping only therapist directory containers...
stat /home/nath/docker-compose.therapist.yml: no such file or directory
🧹 Pruning only unused Docker data (will not touch Nath's volumes or containers)...
Deleted Volumes:
ab65c51a53b809741dbfdfdbeb11294f0bbbb04e9388b88e8baf2ae798f4f32e

Deleted Images:
untagged: postgres:15
untagged: postgres@sha256:9e9298817d19f4bd60c5028a25762b394db37dda173dd3d035a1bc155542051a
deleted: sha256:757f4f0ef6e0a311e2feeef82cdc3930349ef0667fa20d0b7e139bb69b7c8f69
deleted: sha256:8db33698305f3cff0c1eadfd0633d33712cf21d15f7a3fdb43846dffc8470e10
deleted: sha256:584b89ebc057b96d6a27c72641304790da89a4621e0b4099d8cd535bbb624bee
deleted: sha256:a2a1b8f0f37d9cb19c20fa64e8e361869171494c454b049ec4ff8c3a4c7cd267
deleted: sha256:56b8b80193d3e82a0f502198c7a66c9292544c52269b0885526eb931d5aef938
deleted: sha256:ed7155347d480d3f06d0a5a815d05795d48eb621353d3318473df45d9e8deb87
deleted: sha256:c628b2b402dcd622f2fc1e8729915c6b22a7689fa4a065149319aea9de1039be
deleted: sha256:5491592bf300a25ac21da1603d3bc2b23739361ecbfe1c8fdeb09eab6fe8cf89
deleted: sha256:13164a937b4b56c2c7fcd7061f80d84f22458ad1bfe15525f734effafd7fde15
deleted: sha256:7d3b05cff44544eb74b60e1629eeae9d9df165ec84313bdff665969f01855af2
deleted: sha256:d553f0148a73688b2898274b6c3ea077faa224db0965bacc3d9049b83f71d4fb
deleted: sha256:a4ba3c06bd640c24209e3ed2409b92312ae3b2bd6864ae908312a46cff82f020
deleted: sha256:d4b1d5bbc9f096d4c7788a2a9f1a0f6dbebecc6c3bf3f4186bedc0b08276bd6c
deleted: sha256:d08696b13ef641c964d5e02f38b253063e1b37671ae57e5c6c6f3ee945c7fef6
deleted: sha256:1287fbecdfcce6ee8cf2436e5b9e9d86a4648db2d91080377d499737f1b307f3
untagged: therapist-directory-backend:latest
deleted: sha256:b8c1968f8fa1672095c2290f4f2ca0942dd31a681be33552728e903f5ed9f013
untagged: dpage/pgadmin4:latest
untagged: dpage/pgadmin4@sha256:52cb72a9e3da275324ca0b9bb3891021366d501aad375db34584a7bca8ce02ff
deleted: sha256:46af92358e2e104a18e6b68eb3d3941a1aeef71028427e5f14698f7ef6db2621
deleted: sha256:f53b5a6ae8a7388cee6f37b96201d1c3a6d226dd24ca5231bb18952f0143818f
deleted: sha256:5edcde52053a1169fff6ee3800c59f2c870d76cf93eee2a8917403b18cb447ae
deleted: sha256:95dcfcd4a9ec29bc2948eb16443519d5803405d2f352fd5205dc0b3d761bd501
deleted: sha256:54558ee1227b8a5ed7702f52112623437180da7be4eb4ba5672f5159f79ecd1d
deleted: sha256:42defe773e3fac5a66ab3f69722493afaef7d067ef905cfb66a1eba938e0d2b0
deleted: sha256:6208e07918e7cb717e12ed6d1f19b4f2b09221cca839bca7e068461f0a4468b0
deleted: sha256:200cf52dbf404ed4db78371344d334b52edd2cd77a16eb59c78d31b9a97fdb48
deleted: sha256:21a47c23caa8480f283bd20199a288b591c4166d21e98d7353f096da2c491658
deleted: sha256:7042c485a19bbda05e6010294c9c8b6ba86776790ce7c1666e1494cb45b421f8
deleted: sha256:2db8745db93960959dff8e531c1ec05a5d02f9a21b9cd26c688a8042b964eaa0
deleted: sha256:b8448c7c1cb67c5599454f36b33849af2e745f31735868b59b8cd849870c5c3c
deleted: sha256:c297d194309e855ba8a46b0b3f6bd1ab9fbf7d68e35abd7550550adf6c42ffca
deleted: sha256:72356093c5935d16ab8bcf0b1932c5a7a083290e1de7b0440061f9f55c8a92a8
deleted: sha256:d3ab3325c906a493111a6b43a1de43306096b6e496e1774d24d319c6241e6e52
deleted: sha256:58871544f7847d1c491d3ffe28e0580c1baee86e8168c6289c87caa45342ae7e
deleted: sha256:08000c18d16dadf9553d747a58cf44023423a9ab010aab96cf263d2216b8b350
untagged: therapist-directory-frontend:latest
deleted: sha256:5d5dff1bc9b50ed1115b6be8002e23628193e9740284972ae8f0754712e6e4d1

Deleted build cache objects:
zlnzgl5plqaqd1nwg1ch3se30
ypmgxiaqdk23ndw798io0a12a
nc367jp83fzcgflonbbt2ktef
umh9j8ve3fhj7vz9gr9vs2xyc
a14z9e7lmz3llk86h0lkz31ux
snyzmteutvxo5zahtyog4rip8
ij4thmc418u7oksjold4a6bu7
mk9u0alqq8lzzfre2fvkbxgyr
vneg1l5ayp4h8oi3vubuiu9yv
nc6fbs86x22ekatoy5vc1ci06
kpet2b148c1jgt3w2opqh9lxt
jt4alpz3a6m3v6caunudo56rd
ldedna5sfsbhsdi2ifkft4n8c
f1trfoamtte9wgzoex5fyer0o
nk3hhp9ly5ovlq1lfwd4z2hnz
p9r53kvg0a6lt53yvupsvmzj3
ce96is8nm1iqpprsxoupik6yf
s5m68zpehxjvz0d4v2b0me7dd
pig2u0hswdkdm1h0hjyl4mr3y
gymtw34ca28tszt3x2fjasz5h
r3s0srv61mbcrylnaoshs0qmd
bz72jkmg3t88ab2gzkdw4nwh6
y3u3gi2pnd8eebul0xjvzgpvd
ldu9rc9igrc75npzd98tec16z
rtuewvailn6tdf0nmk5qwr1w2
smfpo4zi03qgtv7fmcx5pt6c3
glkbj3v9q8n69840ikep8w9wo

Total reclaimed space: 2.521GB
🚧 Rebuilding therapist containers with no cache...
stat /home/nath/docker-compose.therapist.yml: no such file or directory
🚀 Starting therapist directory stack...
stat /home/nath/docker-compose.therapist.yml: no such file or directory
🛑 Stopping only therapist directory containers...
stat /home/nath/docker-compose.therapist.yml: no such file or directory
🧹 Pruning only unused Docker data (will not touch Nath's volumes or containers)...
Deleted Volumes:
6368e679d911881949592c0b28abbe98a9bba64310800503730a09dcaaf92d57

Deleted Images:
untagged: dpage/pgadmin4:latest
untagged: dpage/pgadmin4@sha256:52cb72a9e3da275324ca0b9bb3891021366d501aad375db34584a7bca8ce02ff
deleted: sha256:46af92358e2e104a18e6b68eb3d3941a1aeef71028427e5f14698f7ef6db2621
deleted: sha256:f53b5a6ae8a7388cee6f37b96201d1c3a6d226dd24ca5231bb18952f0143818f
deleted: sha256:5edcde52053a1169fff6ee3800c59f2c870d76cf93eee2a8917403b18cb447ae
deleted: sha256:95dcfcd4a9ec29bc2948eb16443519d5803405d2f352fd5205dc0b3d761bd501
deleted: sha256:54558ee1227b8a5ed7702f52112623437180da7be4eb4ba5672f5159f79ecd1d
deleted: sha256:42defe773e3fac5a66ab3f69722493afaef7d067ef905cfb66a1eba938e0d2b0
deleted: sha256:6208e07918e7cb717e12ed6d1f19b4f2b09221cca839bca7e068461f0a4468b0
deleted: sha256:200cf52dbf404ed4db78371344d334b52edd2cd77a16eb59c78d31b9a97fdb48
deleted: sha256:21a47c23caa8480f283bd20199a288b591c4166d21e98d7353f096da2c491658
deleted: sha256:7042c485a19bbda05e6010294c9c8b6ba86776790ce7c1666e1494cb45b421f8
deleted: sha256:2db8745db93960959dff8e531c1ec05a5d02f9a21b9cd26c688a8042b964eaa0
deleted: sha256:b8448c7c1cb67c5599454f36b33849af2e745f31735868b59b8cd849870c5c3c
deleted: sha256:c297d194309e855ba8a46b0b3f6bd1ab9fbf7d68e35abd7550550adf6c42ffca
deleted: sha256:72356093c5935d16ab8bcf0b1932c5a7a083290e1de7b0440061f9f55c8a92a8
deleted: sha256:d3ab3325c906a493111a6b43a1de43306096b6e496e1774d24d319c6241e6e52
deleted: sha256:58871544f7847d1c491d3ffe28e0580c1baee86e8168c6289c87caa45342ae7e
deleted: sha256:08000c18d16dadf9553d747a58cf44023423a9ab010aab96cf263d2216b8b350
untagged: postgres:15
untagged: postgres@sha256:9e9298817d19f4bd60c5028a25762b394db37dda173dd3d035a1bc155542051a
deleted: sha256:757f4f0ef6e0a311e2feeef82cdc3930349ef0667fa20d0b7e139bb69b7c8f69
deleted: sha256:8db33698305f3cff0c1eadfd0633d33712cf21d15f7a3fdb43846dffc8470e10
deleted: sha256:584b89ebc057b96d6a27c72641304790da89a4621e0b4099d8cd535bbb624bee
deleted: sha256:a2a1b8f0f37d9cb19c20fa64e8e361869171494c454b049ec4ff8c3a4c7cd267
deleted: sha256:56b8b80193d3e82a0f502198c7a66c9292544c52269b0885526eb931d5aef938
deleted: sha256:ed7155347d480d3f06d0a5a815d05795d48eb621353d3318473df45d9e8deb87
deleted: sha256:c628b2b402dcd622f2fc1e8729915c6b22a7689fa4a065149319aea9de1039be
deleted: sha256:5491592bf300a25ac21da1603d3bc2b23739361ecbfe1c8fdeb09eab6fe8cf89
deleted: sha256:13164a937b4b56c2c7fcd7061f80d84f22458ad1bfe15525f734effafd7fde15
deleted: sha256:7d3b05cff44544eb74b60e1629eeae9d9df165ec84313bdff665969f01855af2
deleted: sha256:d553f0148a73688b2898274b6c3ea077faa224db0965bacc3d9049b83f71d4fb
deleted: sha256:a4ba3c06bd640c24209e3ed2409b92312ae3b2bd6864ae908312a46cff82f020
deleted: sha256:d4b1d5bbc9f096d4c7788a2a9f1a0f6dbebecc6c3bf3f4186bedc0b08276bd6c
deleted: sha256:d08696b13ef641c964d5e02f38b253063e1b37671ae57e5c6c6f3ee945c7fef6
deleted: sha256:1287fbecdfcce6ee8cf2436e5b9e9d86a4648db2d91080377d499737f1b307f3
untagged: therapist-directory-frontend:latest
deleted: sha256:8443351a49bc2ac62ad815909da2e96ff9be56722fe8604a5e36f78d167b2d60
untagged: therapist-directory-backend:latest
deleted: sha256:b3d01090e5f6e598548852dd738e73e8f20f484513169f1b2203fdb02f4f9c0d

Deleted build cache objects:
vkx7wd1yjpto39cmb196czss4
es51gtr61zlmyz4nibqacyhuj
q98yr7aojqivmnf5bixhmtfi4
d22n2j3p8hvewias2t2u4f048
vrwtb338p9id08c0jpjroedsn
y28mpe9mozgvy8ctfxl3j2ort
qo1aqivetenqwikuy8rnvu9n3
hzb91hbrd3ah5icu8yp2nvhod
46bkckhhyqyye343heolbc9mk
fp8hwhd4zjpwzlvtho9e23c0g
tyf5mcw8juzalu93enzip29ke
p130p3g88tedjyr863mjldjq1
l19lkufszgyasf49h17yhwtih
mbj6cmsqk0es6rzg4f8cwnu5c
wvr4m3pve24f2e0rgtz5qqlqw
yb8ern3th1qqkkdi7bzpu6qhg
szq8yx8j45dnc7jrk9knjr6ym
nrfzzrgnreniq645dhfcows39
tom59znkbrlib381jlfb6vfkn
yrzjuf0ckvto9w7epphd3vjy0
902fd3mgwcismhmkr2j1w5spi
88y02e34fibib07l6ja8hz0go
zc0ddfqyv3mwp9x6hczyruuvc
ig3hdzv0zwsjvd5g6xkvv6fzu
33v2tnf5zu6ce16catcqq50hs
m2zetch09d4unuy4jkqhssb0o
25oipbpko9kul5kyacoghbuc3

Total reclaimed space: 2.523GB
🚧 Rebuilding therapist containers with no cache...
stat /home/nath/docker-compose.therapist.yml: no such file or directory
🚀 Starting therapist directory stack...
stat /home/nath/docker-compose.therapist.yml: no such file or directory
